yarn install v1.22.22
[1/4] Resolving packages...
[2/4] Fetching packages...
warning Pattern ["@apollo/client@latest"] is trying to unpack in the same destination "C:\\Users\\jonik\\AppData\\Local\\Yarn\\Cache\\v6\\npm-@apollo-client-3.8.3-7cd23307bbc788a0a9eda51e6a76f32db8282933-integrity\\node_modules\\@apollo\\client" as pattern ["@apollo/client@^3.5.10","@apollo/client@^3.7.0"]. This could result in non-deterministic behavior, skipping.
[3/4] Linking dependencies...
warning " > next-i18next@14.0.3" has incorrect peer dependency "i18next@^23.4.6".
warning " > next-i18next@14.0.3" has incorrect peer dependency "react-i18next@^13.2.1".
warning " > @babel/plugin-proposal-private-methods@7.18.6" has unmet peer dependency "@babel/core@^7.0.0-0".
warning "@babel/plugin-proposal-private-methods > @babel/helper-create-class-features-plugin@7.22.15" has unmet peer dependency "@babel/core@^7.0.0".
warning "@babel/plugin-proposal-private-methods > @babel/helper-create-class-features-plugin > @babel/helper-replace-supers@7.22.9" has unmet peer dependency "@babel/core@^7.0.0".
warning " > @mui/styles@5.14.9" has incorrect peer dependency "react@^17.0.0".
warning " > @mui/x-date-pickers-pro@5.0.20" has unmet peer dependency "@mui/system@^5.4.1".
warning "@mui/x-date-pickers-pro > @mui/x-date-pickers@5.0.20" has unmet peer dependency "@mui/system@^5.4.1".
warning " > @toast-ui/react-editor@3.2.3" has incorrect peer dependency "react@^17.0.1".
warning " > material-ui-pickers@2.2.4" has unmet peer dependency "@material-ui/core@^3.2.0".
warning " > material-ui-pickers@2.2.4" has unmet peer dependency "prop-types@^15.6.0".
warning " > material-ui-pickers@2.2.4" has incorrect peer dependency "react@^16.3.0".
warning " > material-ui-pickers@2.2.4" has incorrect peer dependency "react-dom@^16.3.0".
warning "material-ui-pickers > react-event-listener@0.6.6" has incorrect peer dependency "react@^16.3.0".
warning " > next-images@1.8.5" has unmet peer dependency "webpack@^4.0.0 || ^5.0.0".
warning "next-images > file-loader@6.2.0" has unmet peer dependency "webpack@^4.0.0 || ^5.0.0".
warning "next-images > url-loader@4.1.1" has unmet peer dependency "webpack@^4.0.0 || ^5.0.0".
warning " > nouislider-react@3.4.1" has unmet peer dependency "nouislider@>= 11.x".
warning " > react-moment@1.1.3" has unmet peer dependency "prop-types@^15.7.0".
warning " > react-slick@0.28.1" has incorrect peer dependency "react@^0.14.0 || ^15.0.1 || ^16.0.0 || ^17.0.0".
warning " > react-slick@0.28.1" has incorrect peer dependency "react-dom@^0.14.0 || ^15.0.1 || ^16.0.0 || ^17.0.0".
warning "react-spring > @react-spring/konva@9.7.3" has unmet peer dependency "konva@>=2.6".
warning "react-spring > @react-spring/konva@9.7.3" has unmet peer dependency "react-konva@^16.8.0 || ^16.8.7-0 || ^16.9.0-0 || ^16.10.1-0 || ^16.12.0-0 || ^16.13.0-0 || ^17.0.0-0 || ^17.0.1-0 || ^17.0.2-0 || ^18.0.0-0".
warning "react-spring > @react-spring/native@9.7.3" has unmet peer dependency "react-native@>=0.58".
warning "react-spring > @react-spring/zdog@9.7.3" has unmet peer dependency "react-zdog@>=1.0".
warning "react-spring > @react-spring/zdog@9.7.3" has unmet peer dependency "zdog@>=1.0".
warning " > sass-loader@12.6.0" has unmet peer dependency "webpack@^5.0.0".
warning " > slick-carousel@1.8.1" has unmet peer dependency "jquery@>=1.8.0".
warning " > styled-components@5.3.11" has unmet peer dependency "react-is@>= 16.8.0".
warning "styled-components > babel-plugin-styled-components > @babel/plugin-syntax-jsx@7.22.5" has unmet peer dependency "@babel/core@^7.0.0-0".
warning " > react-scrollable-feed@1.3.2" has unmet peer dependency "prop-types@^15.7.2".
[4/4] Building fresh packages...
Done in 613.42s.
